// Jest Snapshot v1, https://goo.gl/fbAQLP

exports[`the_routes 1`] = `
[
  {
    "reactRouterPattern": "/",
    "vercelRouterPattern": "^//?$",
  },
  {
    "reactRouterPattern": "/new",
    "vercelRouterPattern": "^/new/?$",
  },
  {
    "reactRouterPattern": "/q",
    "vercelRouterPattern": "^/q/?$",
  },
  {
    "reactRouterPattern": "/q/q/auth",
    "vercelRouterPattern": "^/q/q/auth/?$",
  },
  {
    "reactRouterPattern": "/q/q/local",
    "vercelRouterPattern": "^/q/q/local/?$",
  },
  {
    "reactRouterPattern": "/q/q/t/:fileId",
    "vercelRouterPattern": "^/q/q/t/[^/]*/?$",
  },
  {
    "reactRouterPattern": "/q/q/w",
    "vercelRouterPattern": "^/q/q/w/?$",
  },
  {
    "reactRouterPattern": "/q/q/w/q/w/:workspaceId",
    "vercelRouterPattern": "^/q/q/w/q/w/[^/]*/?$",
  },
  {
    "reactRouterPattern": "/q/q/w/q/w/:workspaceId/q/w/:workspaceId/debug",
    "vercelRouterPattern": "^/q/q/w/q/w/[^/]*/q/w/[^/]*/debug/?$",
  },
  {
    "reactRouterPattern": "/q/q/w/q/w/:workspaceId/q/w/:workspaceId/drafts",
    "vercelRouterPattern": "^/q/q/w/q/w/[^/]*/q/w/[^/]*/drafts/?$",
  },
  {
    "reactRouterPattern": "/q/q/w/q/w/:workspaceId/q/w/:workspaceId/f/:fileId",
    "vercelRouterPattern": "^/q/q/w/q/w/[^/]*/q/w/[^/]*/f/[^/]*/?$",
  },
  {
    "reactRouterPattern": "/q/q/w/q/w/:workspaceId/q/w/:workspaceId/groups",
    "vercelRouterPattern": "^/q/q/w/q/w/[^/]*/q/w/[^/]*/groups/?$",
  },
  {
    "reactRouterPattern": "/q/q/w/q/w/:workspaceId/q/w/:workspaceId/profile",
    "vercelRouterPattern": "^/q/q/w/q/w/[^/]*/q/w/[^/]*/profile/?$",
  },
  {
    "reactRouterPattern": "/q/q/w/q/w/:workspaceId/q/w/:workspaceId/settings",
    "vercelRouterPattern": "^/q/q/w/q/w/[^/]*/q/w/[^/]*/settings/?$",
  },
  {
    "reactRouterPattern": "/q/q/w/q/w/:workspaceId/q/w/:workspaceId/shared",
    "vercelRouterPattern": "^/q/q/w/q/w/[^/]*/q/w/[^/]*/shared/?$",
  },
  {
    "reactRouterPattern": "/q/q/w/q/w/:workspaceId/q/w/:workspaceId/stars",
    "vercelRouterPattern": "^/q/q/w/q/w/[^/]*/q/w/[^/]*/stars/?$",
  },
  {
    "reactRouterPattern": "/r",
    "vercelRouterPattern": "^/r/?$",
  },
  {
    "reactRouterPattern": "/r/:boardId/history",
    "vercelRouterPattern": "^/r/[^/]*/history/?$",
  },
  {
    "reactRouterPattern": "/r/:boardId/history/:timestamp",
    "vercelRouterPattern": "^/r/[^/]*/history/[^/]*/?$",
  },
  {
    "reactRouterPattern": "/r/:roomId",
    "vercelRouterPattern": "^/r/[^/]*/?$",
  },
  {
    "reactRouterPattern": "/ro/:roomId",
    "vercelRouterPattern": "^/ro/[^/]*/?$",
  },
  {
    "reactRouterPattern": "/s/:roomId",
    "vercelRouterPattern": "^/s/[^/]*/?$",
  },
  {
    "reactRouterPattern": "/ts-side",
    "vercelRouterPattern": "^/ts-side/?$",
  },
  {
    "reactRouterPattern": "/v/:roomId",
    "vercelRouterPattern": "^/v/[^/]*/?$",
  },
]
`;
